// Jest Snapshot v1, https://goo.gl/fbAQLP

exports[`defineSqlSchemaRelationshipsForDomainObjects should work on the example project 1`] = `
Array [
  SqlSchemaToDomainObjectRelationship {
    "decorations": Object {
      "unique": Object {
        "domainObject": Array [
          "uuid",
        ],
        "sqlSchema": Array [
          "uuid",
        ],
      },
    },
    "name": Object {
      "domainObject": "Carriage",
      "sqlSchema": "carriage",
    },
    "properties": Array [
      Object {
        "domainObject": DomainObjectPropertyMetadata {
          "name": "id",
          "nullable": false,
          "required": false,
          "type": "NUMBER",
        },
        "sqlSchema": SqlSchemaPropertyMetadata {
          "isArray": false,
          "isDatabaseGenerated": true,
          "isNullable": false,
          "isUpdatable": false,
          "name": "id",
          "reference": null,
        },
      },
      Object {
        "domainObject": null,
        "sqlSchema": SqlSchemaPropertyMetadata {
          "isArray": false,
          "isDatabaseGenerated": true,
          "isNullable": false,
          "isUpdatable": false,
          "name": "created_at",
          "reference": null,
        },
      },
      Object {
        "domainObject": DomainObjectPropertyMetadata {
          "name": "uuid",
          "nullable": false,
          "required": false,
          "type": "STRING",
        },
        "sqlSchema": SqlSchemaPropertyMetadata {
          "isArray": false,
          "isDatabaseGenerated": false,
          "isNullable": false,
          "isUpdatable": false,
          "name": "uuid",
          "reference": null,
        },
      },
      Object {
        "domainObject": DomainObjectPropertyMetadata {
          "name": "cin",
          "nullable": false,
          "required": true,
          "type": "STRING",
        },
        "sqlSchema": SqlSchemaPropertyMetadata {
          "isArray": false,
          "isDatabaseGenerated": false,
          "isNullable": false,
          "isUpdatable": false,
          "name": "cin",
          "reference": null,
        },
      },
      Object {
        "domainObject": DomainObjectPropertyMetadata {
          "name": "carries",
          "nullable": false,
          "of": Array [
            "PASSENGER",
            "FREIGHT",
          ],
          "required": true,
          "type": "ENUM",
        },
        "sqlSchema": SqlSchemaPropertyMetadata {
          "isArray": false,
          "isDatabaseGenerated": false,
          "isNullable": false,
          "isUpdatable": false,
          "name": "carries",
          "reference": null,
        },
      },
      Object {
        "domainObject": DomainObjectPropertyMetadata {
          "name": "capacity",
          "nullable": false,
          "required": true,
          "type": "NUMBER",
        },
        "sqlSchema": SqlSchemaPropertyMetadata {
          "isArray": false,
          "isDatabaseGenerated": false,
          "isNullable": false,
          "isUpdatable": false,
          "name": "capacity",
          "reference": null,
        },
      },
    ],
  },
  SqlSchemaToDomainObjectRelationship {
    "decorations": Object {
      "unique": Object {
        "domainObject": null,
        "sqlSchema": Array [
          "type",
          "industry_id",
        ],
      },
    },
    "name": Object {
      "domainObject": "Certificate",
      "sqlSchema": "certificate",
    },
    "properties": Array [
      Object {
        "domainObject": DomainObjectPropertyMetadata {
          "name": "id",
          "nullable": false,
          "required": false,
          "type": "NUMBER",
        },
        "sqlSchema": SqlSchemaPropertyMetadata {
          "isArray": false,
          "isDatabaseGenerated": true,
          "isNullable": false,
          "isUpdatable": false,
          "name": "id",
          "reference": null,
        },
      },
      Object {
        "domainObject": null,
        "sqlSchema": SqlSchemaPropertyMetadata {
          "isArray": false,
          "isDatabaseGenerated": true,
          "isNullable": false,
          "isUpdatable": false,
          "name": "uuid",
          "reference": null,
        },
      },
      Object {
        "domainObject": null,
        "sqlSchema": SqlSchemaPropertyMetadata {
          "isArray": false,
          "isDatabaseGenerated": true,
          "isNullable": false,
          "isUpdatable": false,
          "name": "created_at",
          "reference": null,
        },
      },
      Object {
        "domainObject": DomainObjectPropertyMetadata {
          "name": "type",
          "nullable": false,
          "of": Array [
            "LOCOMOTIVE_DRIVING",
            "ENGINE_MAINTENANCE",
            "CARRIAGE_MAINTENANCE",
          ],
          "required": true,
          "type": "ENUM",
        },
        "sqlSchema": SqlSchemaPropertyMetadata {
          "isArray": false,
          "isDatabaseGenerated": false,
          "isNullable": false,
          "isUpdatable": false,
          "name": "type",
          "reference": null,
        },
      },
      Object {
        "domainObject": DomainObjectPropertyMetadata {
          "name": "industryId",
          "nullable": false,
          "required": true,
          "type": "STRING",
        },
        "sqlSchema": SqlSchemaPropertyMetadata {
          "isArray": false,
          "isDatabaseGenerated": false,
          "isNullable": false,
          "isUpdatable": false,
          "name": "industry_id",
          "reference": null,
        },
      },
    ],
  },
  SqlSchemaToDomainObjectRelationship {
    "decorations": Object {
      "unique": Object {
        "domainObject": Array [
          "socialSecurityNumberHash",
        ],
        "sqlSchema": Array [
          "social_security_number_hash",
        ],
      },
    },
    "name": Object {
      "domainObject": "TrainEngineer",
      "sqlSchema": "train_engineer",
    },
    "properties": Array [
      Object {
        "domainObject": DomainObjectPropertyMetadata {
          "name": "id",
          "nullable": false,
          "required": false,
          "type": "NUMBER",
        },
        "sqlSchema": SqlSchemaPropertyMetadata {
          "isArray": false,
          "isDatabaseGenerated": true,
          "isNullable": false,
          "isUpdatable": false,
          "name": "id",
          "reference": null,
        },
      },
      Object {
        "domainObject": DomainObjectPropertyMetadata {
          "name": "uuid",
          "nullable": false,
          "required": false,
          "type": "STRING",
        },
        "sqlSchema": SqlSchemaPropertyMetadata {
          "isArray": false,
          "isDatabaseGenerated": true,
          "isNullable": false,
          "isUpdatable": false,
          "name": "uuid",
          "reference": null,
        },
      },
      Object {
        "domainObject": null,
        "sqlSchema": SqlSchemaPropertyMetadata {
          "isArray": false,
          "isDatabaseGenerated": true,
          "isNullable": false,
          "isUpdatable": false,
          "name": "created_at",
          "reference": null,
        },
      },
      Object {
        "domainObject": null,
        "sqlSchema": SqlSchemaPropertyMetadata {
          "isArray": false,
          "isDatabaseGenerated": true,
          "isNullable": false,
          "isUpdatable": false,
          "name": "effective_at",
          "reference": null,
        },
      },
      Object {
        "domainObject": null,
        "sqlSchema": SqlSchemaPropertyMetadata {
          "isArray": false,
          "isDatabaseGenerated": true,
          "isNullable": false,
          "isUpdatable": false,
          "name": "updated_at",
          "reference": null,
        },
      },
      Object {
        "domainObject": DomainObjectPropertyMetadata {
          "name": "socialSecurityNumberHash",
          "nullable": false,
          "required": true,
          "type": "STRING",
        },
        "sqlSchema": SqlSchemaPropertyMetadata {
          "isArray": false,
          "isDatabaseGenerated": false,
          "isNullable": false,
          "isUpdatable": false,
          "name": "social_security_number_hash",
          "reference": null,
        },
      },
      Object {
        "domainObject": DomainObjectPropertyMetadata {
          "name": "certificates",
          "nullable": false,
          "of": Object {
            "nullable": false,
            "of": DomainObjectReferenceMetadata {
              "extends": "DomainValueObject",
              "name": "Certificate",
            },
            "required": true,
            "type": "REFERENCE",
          },
          "required": true,
          "type": "ARRAY",
        },
        "sqlSchema": SqlSchemaPropertyMetadata {
          "isArray": true,
          "isDatabaseGenerated": false,
          "isNullable": false,
          "isUpdatable": true,
          "name": "certificate_ids",
          "reference": SqlSchemaReferenceMetadata {
            "method": "DIRECT_BY_NESTING",
            "of": DomainObjectReferenceMetadata {
              "extends": "DomainValueObject",
              "name": "Certificate",
            },
          },
        },
      },
      Object {
        "domainObject": DomainObjectPropertyMetadata {
          "name": "licenseUuids",
          "nullable": false,
          "of": Object {
            "nullable": false,
            "required": true,
            "type": "STRING",
          },
          "required": true,
          "type": "ARRAY",
        },
        "sqlSchema": SqlSchemaPropertyMetadata {
          "isArray": true,
          "isDatabaseGenerated": false,
          "isNullable": false,
          "isUpdatable": true,
          "name": "license_uuids",
          "reference": null,
        },
      },
      Object {
        "domainObject": DomainObjectPropertyMetadata {
          "name": "name",
          "nullable": false,
          "required": true,
          "type": "STRING",
        },
        "sqlSchema": SqlSchemaPropertyMetadata {
          "isArray": false,
          "isDatabaseGenerated": false,
          "isNullable": false,
          "isUpdatable": true,
          "name": "name",
          "reference": null,
        },
      },
    ],
  },
  SqlSchemaToDomainObjectRelationship {
    "decorations": Object {
      "unique": Object {
        "domainObject": null,
        "sqlSchema": Array [
          "latitude",
          "longitude",
        ],
      },
    },
    "name": Object {
      "domainObject": "Geocode",
      "sqlSchema": "geocode",
    },
    "properties": Array [
      Object {
        "domainObject": DomainObjectPropertyMetadata {
          "name": "id",
          "nullable": false,
          "required": false,
          "type": "NUMBER",
        },
        "sqlSchema": SqlSchemaPropertyMetadata {
          "isArray": false,
          "isDatabaseGenerated": true,
          "isNullable": false,
          "isUpdatable": false,
          "name": "id",
          "reference": null,
        },
      },
      Object {
        "domainObject": null,
        "sqlSchema": SqlSchemaPropertyMetadata {
          "isArray": false,
          "isDatabaseGenerated": true,
          "isNullable": false,
          "isUpdatable": false,
          "name": "uuid",
          "reference": null,
        },
      },
      Object {
        "domainObject": null,
        "sqlSchema": SqlSchemaPropertyMetadata {
          "isArray": false,
          "isDatabaseGenerated": true,
          "isNullable": false,
          "isUpdatable": false,
          "name": "created_at",
          "reference": null,
        },
      },
      Object {
        "domainObject": DomainObjectPropertyMetadata {
          "name": "latitude",
          "nullable": false,
          "required": true,
          "type": "NUMBER",
        },
        "sqlSchema": SqlSchemaPropertyMetadata {
          "isArray": false,
          "isDatabaseGenerated": false,
          "isNullable": false,
          "isUpdatable": false,
          "name": "latitude",
          "reference": null,
        },
      },
      Object {
        "domainObject": DomainObjectPropertyMetadata {
          "name": "longitude",
          "nullable": false,
          "required": true,
          "type": "NUMBER",
        },
        "sqlSchema": SqlSchemaPropertyMetadata {
          "isArray": false,
          "isDatabaseGenerated": false,
          "isNullable": false,
          "isUpdatable": false,
          "name": "longitude",
          "reference": null,
        },
      },
    ],
  },
  SqlSchemaToDomainObjectRelationship {
    "decorations": Object {
      "unique": Object {
        "domainObject": Array [
          "combinationId",
        ],
        "sqlSchema": Array [
          "combination_id",
        ],
      },
    },
    "name": Object {
      "domainObject": "Train",
      "sqlSchema": "train",
    },
    "properties": Array [
      Object {
        "domainObject": DomainObjectPropertyMetadata {
          "name": "id",
          "nullable": false,
          "required": false,
          "type": "NUMBER",
        },
        "sqlSchema": SqlSchemaPropertyMetadata {
          "isArray": false,
          "isDatabaseGenerated": true,
          "isNullable": false,
          "isUpdatable": false,
          "name": "id",
          "reference": null,
        },
      },
      Object {
        "domainObject": DomainObjectPropertyMetadata {
          "name": "uuid",
          "nullable": false,
          "required": false,
          "type": "STRING",
        },
        "sqlSchema": SqlSchemaPropertyMetadata {
          "isArray": false,
          "isDatabaseGenerated": true,
          "isNullable": false,
          "isUpdatable": false,
          "name": "uuid",
          "reference": null,
        },
      },
      Object {
        "domainObject": null,
        "sqlSchema": SqlSchemaPropertyMetadata {
          "isArray": false,
          "isDatabaseGenerated": true,
          "isNullable": false,
          "isUpdatable": false,
          "name": "created_at",
          "reference": null,
        },
      },
      Object {
        "domainObject": null,
        "sqlSchema": SqlSchemaPropertyMetadata {
          "isArray": false,
          "isDatabaseGenerated": true,
          "isNullable": false,
          "isUpdatable": false,
          "name": "effective_at",
          "reference": null,
        },
      },
      Object {
        "domainObject": null,
        "sqlSchema": SqlSchemaPropertyMetadata {
          "isArray": false,
          "isDatabaseGenerated": true,
          "isNullable": false,
          "isUpdatable": false,
          "name": "updated_at",
          "reference": null,
        },
      },
      Object {
        "domainObject": DomainObjectPropertyMetadata {
          "name": "homeStationGeocode",
          "nullable": false,
          "of": DomainObjectReferenceMetadata {
            "extends": "DomainValueObject",
            "name": "Geocode",
          },
          "required": true,
          "type": "REFERENCE",
        },
        "sqlSchema": SqlSchemaPropertyMetadata {
          "isArray": false,
          "isDatabaseGenerated": false,
          "isNullable": false,
          "isUpdatable": false,
          "name": "home_station_geocode_id",
          "reference": SqlSchemaReferenceMetadata {
            "method": "DIRECT_BY_NESTING",
            "of": DomainObjectReferenceMetadata {
              "extends": "DomainValueObject",
              "name": "Geocode",
            },
          },
        },
      },
      Object {
        "domainObject": DomainObjectPropertyMetadata {
          "name": "combinationId",
          "nullable": false,
          "required": true,
          "type": "STRING",
        },
        "sqlSchema": SqlSchemaPropertyMetadata {
          "isArray": false,
          "isDatabaseGenerated": false,
          "isNullable": false,
          "isUpdatable": false,
          "name": "combination_id",
          "reference": null,
        },
      },
      Object {
        "domainObject": DomainObjectPropertyMetadata {
          "name": "locomotiveUuids",
          "nullable": false,
          "of": Object {
            "nullable": false,
            "required": true,
            "type": "STRING",
          },
          "required": true,
          "type": "ARRAY",
        },
        "sqlSchema": SqlSchemaPropertyMetadata {
          "isArray": true,
          "isDatabaseGenerated": false,
          "isNullable": false,
          "isUpdatable": false,
          "name": "locomotive_ids",
          "reference": SqlSchemaReferenceMetadata {
            "method": "IMPLICIT_BY_UUID",
            "of": DomainObjectReferenceMetadata {
              "extends": "DomainEntity",
              "name": "Locomotive",
            },
          },
        },
      },
      Object {
        "domainObject": DomainObjectPropertyMetadata {
          "name": "carriageUuids",
          "nullable": false,
          "of": Object {
            "nullable": false,
            "required": true,
            "type": "STRING",
          },
          "required": true,
          "type": "ARRAY",
        },
        "sqlSchema": SqlSchemaPropertyMetadata {
          "isArray": true,
          "isDatabaseGenerated": false,
          "isNullable": false,
          "isUpdatable": false,
          "name": "carriage_ids",
          "reference": SqlSchemaReferenceMetadata {
            "method": "IMPLICIT_BY_UUID",
            "of": DomainObjectReferenceMetadata {
              "extends": "DomainEntity",
              "name": "Carriage",
            },
          },
        },
      },
      Object {
        "domainObject": DomainObjectPropertyMetadata {
          "name": "engineerUuids",
          "nullable": false,
          "of": Object {
            "nullable": false,
            "required": true,
            "type": "STRING",
          },
          "required": true,
          "type": "ARRAY",
        },
        "sqlSchema": SqlSchemaPropertyMetadata {
          "isArray": true,
          "isDatabaseGenerated": false,
          "isNullable": false,
          "isUpdatable": false,
          "name": "engineer_ids",
          "reference": SqlSchemaReferenceMetadata {
            "method": "IMPLICIT_BY_UUID",
            "of": DomainObjectReferenceMetadata {
              "extends": "DomainEntity",
              "name": "TrainEngineer",
            },
          },
        },
      },
      Object {
        "domainObject": DomainObjectPropertyMetadata {
          "name": "leadEngineerUuid",
          "nullable": false,
          "required": true,
          "type": "STRING",
        },
        "sqlSchema": SqlSchemaPropertyMetadata {
          "isArray": false,
          "isDatabaseGenerated": false,
          "isNullable": false,
          "isUpdatable": false,
          "name": "lead_engineer_id",
          "reference": SqlSchemaReferenceMetadata {
            "method": "IMPLICIT_BY_UUID",
            "of": DomainObjectReferenceMetadata {
              "extends": "DomainEntity",
              "name": "TrainEngineer",
            },
          },
        },
      },
      Object {
        "domainObject": DomainObjectPropertyMetadata {
          "name": "status",
          "nullable": false,
          "of": Array [
            "ASSEMBLED",
            "DISASSEMBLED",
          ],
          "required": true,
          "type": "ENUM",
        },
        "sqlSchema": SqlSchemaPropertyMetadata {
          "isArray": false,
          "isDatabaseGenerated": false,
          "isNullable": false,
          "isUpdatable": true,
          "name": "status",
          "reference": null,
        },
      },
    ],
  },
  SqlSchemaToDomainObjectRelationship {
    "decorations": Object {
      "unique": Object {
        "domainObject": Array [
          "ein",
        ],
        "sqlSchema": Array [
          "ein",
        ],
      },
    },
    "name": Object {
      "domainObject": "Locomotive",
      "sqlSchema": "locomotive",
    },
    "properties": Array [
      Object {
        "domainObject": DomainObjectPropertyMetadata {
          "name": "id",
          "nullable": false,
          "required": false,
          "type": "NUMBER",
        },
        "sqlSchema": SqlSchemaPropertyMetadata {
          "isArray": false,
          "isDatabaseGenerated": true,
          "isNullable": false,
          "isUpdatable": false,
          "name": "id",
          "reference": null,
        },
      },
      Object {
        "domainObject": DomainObjectPropertyMetadata {
          "name": "uuid",
          "nullable": false,
          "required": false,
          "type": "STRING",
        },
        "sqlSchema": SqlSchemaPropertyMetadata {
          "isArray": false,
          "isDatabaseGenerated": true,
          "isNullable": false,
          "isUpdatable": false,
          "name": "uuid",
          "reference": null,
        },
      },
      Object {
        "domainObject": DomainObjectPropertyMetadata {
          "name": "createdAt",
          "nullable": false,
          "required": false,
          "type": "DATE",
        },
        "sqlSchema": SqlSchemaPropertyMetadata {
          "isArray": false,
          "isDatabaseGenerated": true,
          "isNullable": false,
          "isUpdatable": false,
          "name": "created_at",
          "reference": null,
        },
      },
      Object {
        "domainObject": DomainObjectPropertyMetadata {
          "name": "effectiveAt",
          "nullable": false,
          "required": false,
          "type": "DATE",
        },
        "sqlSchema": SqlSchemaPropertyMetadata {
          "isArray": false,
          "isDatabaseGenerated": true,
          "isNullable": false,
          "isUpdatable": false,
          "name": "effective_at",
          "reference": null,
        },
      },
      Object {
        "domainObject": DomainObjectPropertyMetadata {
          "name": "updatedAt",
          "nullable": false,
          "required": false,
          "type": "DATE",
        },
        "sqlSchema": SqlSchemaPropertyMetadata {
          "isArray": false,
          "isDatabaseGenerated": true,
          "isNullable": false,
          "isUpdatable": false,
          "name": "updated_at",
          "reference": null,
        },
      },
      Object {
        "domainObject": DomainObjectPropertyMetadata {
          "name": "ein",
          "nullable": false,
          "required": true,
          "type": "STRING",
        },
        "sqlSchema": SqlSchemaPropertyMetadata {
          "isArray": false,
          "isDatabaseGenerated": false,
          "isNullable": false,
          "isUpdatable": false,
          "name": "ein",
          "reference": null,
        },
      },
      Object {
        "domainObject": DomainObjectPropertyMetadata {
          "name": "fuel",
          "nullable": false,
          "of": Array [
            "STEAM",
            "COAL",
            "DIESEL",
            "BATTERY",
            "FISSION",
          ],
          "required": true,
          "type": "ENUM",
        },
        "sqlSchema": SqlSchemaPropertyMetadata {
          "isArray": false,
          "isDatabaseGenerated": false,
          "isNullable": false,
          "isUpdatable": false,
          "name": "fuel",
          "reference": null,
        },
      },
      Object {
        "domainObject": DomainObjectPropertyMetadata {
          "name": "capacity",
          "nullable": false,
          "required": true,
          "type": "NUMBER",
        },
        "sqlSchema": SqlSchemaPropertyMetadata {
          "isArray": false,
          "isDatabaseGenerated": false,
          "isNullable": false,
          "isUpdatable": false,
          "name": "capacity",
          "reference": null,
        },
      },
      Object {
        "domainObject": DomainObjectPropertyMetadata {
          "name": "milage",
          "nullable": false,
          "required": true,
          "type": "NUMBER",
        },
        "sqlSchema": SqlSchemaPropertyMetadata {
          "isArray": false,
          "isDatabaseGenerated": false,
          "isNullable": false,
          "isUpdatable": true,
          "name": "milage",
          "reference": null,
        },
      },
    ],
  },
  SqlSchemaToDomainObjectRelationship {
    "decorations": Object {
      "unique": Object {
        "domainObject": Array [
          "trainUuid",
          "occurredAt",
        ],
        "sqlSchema": Array [
          "train_id",
          "occurred_at",
        ],
      },
    },
    "name": Object {
      "domainObject": "TrainLocatedEvent",
      "sqlSchema": "train_located_event",
    },
    "properties": Array [
      Object {
        "domainObject": DomainObjectPropertyMetadata {
          "name": "id",
          "nullable": false,
          "required": false,
          "type": "NUMBER",
        },
        "sqlSchema": SqlSchemaPropertyMetadata {
          "isArray": false,
          "isDatabaseGenerated": true,
          "isNullable": false,
          "isUpdatable": false,
          "name": "id",
          "reference": null,
        },
      },
      Object {
        "domainObject": null,
        "sqlSchema": SqlSchemaPropertyMetadata {
          "isArray": false,
          "isDatabaseGenerated": true,
          "isNullable": false,
          "isUpdatable": false,
          "name": "uuid",
          "reference": null,
        },
      },
      Object {
        "domainObject": null,
        "sqlSchema": SqlSchemaPropertyMetadata {
          "isArray": false,
          "isDatabaseGenerated": true,
          "isNullable": false,
          "isUpdatable": false,
          "name": "created_at",
          "reference": null,
        },
      },
      Object {
        "domainObject": DomainObjectPropertyMetadata {
          "name": "trainUuid",
          "nullable": false,
          "required": true,
          "type": "STRING",
        },
        "sqlSchema": SqlSchemaPropertyMetadata {
          "isArray": false,
          "isDatabaseGenerated": false,
          "isNullable": false,
          "isUpdatable": false,
          "name": "train_id",
          "reference": SqlSchemaReferenceMetadata {
            "method": "IMPLICIT_BY_UUID",
            "of": DomainObjectReferenceMetadata {
              "extends": "DomainEntity",
              "name": "Train",
            },
          },
        },
      },
      Object {
        "domainObject": DomainObjectPropertyMetadata {
          "name": "occurredAt",
          "nullable": false,
          "required": true,
          "type": "STRING",
        },
        "sqlSchema": SqlSchemaPropertyMetadata {
          "isArray": false,
          "isDatabaseGenerated": false,
          "isNullable": false,
          "isUpdatable": false,
          "name": "occurred_at",
          "reference": null,
        },
      },
      Object {
        "domainObject": DomainObjectPropertyMetadata {
          "name": "geocode",
          "nullable": false,
          "of": DomainObjectReferenceMetadata {
            "extends": "DomainValueObject",
            "name": "Geocode",
          },
          "required": true,
          "type": "REFERENCE",
        },
        "sqlSchema": SqlSchemaPropertyMetadata {
          "isArray": false,
          "isDatabaseGenerated": false,
          "isNullable": false,
          "isUpdatable": false,
          "name": "geocode_id",
          "reference": SqlSchemaReferenceMetadata {
            "method": "DIRECT_BY_NESTING",
            "of": DomainObjectReferenceMetadata {
              "extends": "DomainValueObject",
              "name": "Geocode",
            },
          },
        },
      },
    ],
  },
  SqlSchemaToDomainObjectRelationship {
    "decorations": Object {
      "unique": Object {
        "domainObject": Array [
          "geocode",
        ],
        "sqlSchema": Array [
          "geocode_id",
        ],
      },
    },
    "name": Object {
      "domainObject": "TrainStation",
      "sqlSchema": "train_station",
    },
    "properties": Array [
      Object {
        "domainObject": DomainObjectPropertyMetadata {
          "name": "id",
          "nullable": false,
          "required": false,
          "type": "NUMBER",
        },
        "sqlSchema": SqlSchemaPropertyMetadata {
          "isArray": false,
          "isDatabaseGenerated": true,
          "isNullable": false,
          "isUpdatable": false,
          "name": "id",
          "reference": null,
        },
      },
      Object {
        "domainObject": DomainObjectPropertyMetadata {
          "name": "uuid",
          "nullable": false,
          "required": false,
          "type": "STRING",
        },
        "sqlSchema": SqlSchemaPropertyMetadata {
          "isArray": false,
          "isDatabaseGenerated": true,
          "isNullable": false,
          "isUpdatable": false,
          "name": "uuid",
          "reference": null,
        },
      },
      Object {
        "domainObject": null,
        "sqlSchema": SqlSchemaPropertyMetadata {
          "isArray": false,
          "isDatabaseGenerated": true,
          "isNullable": false,
          "isUpdatable": false,
          "name": "created_at",
          "reference": null,
        },
      },
      Object {
        "domainObject": null,
        "sqlSchema": SqlSchemaPropertyMetadata {
          "isArray": false,
          "isDatabaseGenerated": true,
          "isNullable": false,
          "isUpdatable": false,
          "name": "effective_at",
          "reference": null,
        },
      },
      Object {
        "domainObject": null,
        "sqlSchema": SqlSchemaPropertyMetadata {
          "isArray": false,
          "isDatabaseGenerated": true,
          "isNullable": false,
          "isUpdatable": false,
          "name": "updated_at",
          "reference": null,
        },
      },
      Object {
        "domainObject": DomainObjectPropertyMetadata {
          "name": "geocode",
          "nullable": false,
          "of": DomainObjectReferenceMetadata {
            "extends": "DomainValueObject",
            "name": "Geocode",
          },
          "required": true,
          "type": "REFERENCE",
        },
        "sqlSchema": SqlSchemaPropertyMetadata {
          "isArray": false,
          "isDatabaseGenerated": false,
          "isNullable": false,
          "isUpdatable": false,
          "name": "geocode_id",
          "reference": SqlSchemaReferenceMetadata {
            "method": "DIRECT_BY_NESTING",
            "of": DomainObjectReferenceMetadata {
              "extends": "DomainValueObject",
              "name": "Geocode",
            },
          },
        },
      },
      Object {
        "domainObject": DomainObjectPropertyMetadata {
          "name": "name",
          "nullable": false,
          "required": true,
          "type": "STRING",
        },
        "sqlSchema": SqlSchemaPropertyMetadata {
          "isArray": false,
          "isDatabaseGenerated": false,
          "isNullable": false,
          "isUpdatable": true,
          "name": "name",
          "reference": null,
        },
      },
    ],
  },
]
`;
